2026-08-11 02:54:55.843: [INFO] CurrentProfilePath: C:\Users\bidjo_lhk3c4v\Documents\CODE\SITES\shop\tmp\edge-layout-profile\Default
2026-08-11 02:54:55.843: [INFO] Profiles total count: 1
2026-08-11 02:54:55.843: [INFO] Profile: name=Perfil 1 path=C:\Users\bidjo_lhk3c4v\Documents\CODE\SITES\shop\tmp\edge-layout-profile\Default lastActive=null
2026-08-11 02:54:55.843: [INFO] LastUsedProfileDir: C:\Users\bidjo_lhk3c4v\Documents\CODE\SITES\shop\tmp\edge-layout-profile\Default
2026-08-11 02:54:55.843: [INFO] VisibilityChanged: 0
2026-08-11 02:54:55.855: [INFO] RecordSyncInitDuration has_sync_been_enabled: 0 state: 0
2026-08-11 02:54:55.856: [INFO] RecordSyncInitDuration has_sync_been_enabled: 0 state: 0
2026-08-11 02:54:55.856: [INFO] RecordSyncInitDuration has_sync_been_enabled: 0 state: 0
2026-08-11 02:54:55.857: [INFO] RecordSyncInitDuration has_sync_been_enabled: 0 state: 0
2026-08-11 02:54:55.857: [INFO] RecordSyncInitDuration has_sync_been_enabled: 0 state: 0
2026-08-11 02:54:55.857: [INFO] RecordSyncInitDuration has_sync_been_enabled: 0 state: 0
2026-08-11 02:54:55.858: [INFO] RecordSyncInitDuration has_sync_been_enabled: 0 state: 0
2026-08-11 02:54:55.858: [INFO] RecordSyncInitDuration has_sync_been_enabled: 0 state: 0
2026-08-11 02:54:55.859: [INFO] RecordSyncInitDuration has_sync_been_enabled: 0 state: 0
2026-08-11 02:54:55.859: [INFO] RecordSyncInitDuration has_sync_been_enabled: 0 state: 0
2026-08-11 02:54:55.863: [INFO] OnDoneLoading sync enabled: 0
2026-08-11 02:54:55.863: [INFO] BookmarkModelLoaded, ids_reassigned: 0
2026-08-11 02:54:55.863: [INFO] BookmarksLoadDropped droppedNodes=0
2026-08-11 02:54:55.863: [INFO] BookmarksSnapshot Startup total=0 bar=0 other=0 mobile=0 showBar=0 showBarNTP=1
2026-08-11 02:54:55.894: [INFO] RecordSyncInitDuration has_sync_been_enabled: 0 state: 0
2026-08-11 02:54:56.305: [INFO] RecordSyncInitDuration has_sync_been_enabled: 0 state: 0
2026-08-11 02:54:56.307: [INFO] RecordSyncInitDuration has_sync_been_enabled: 0 state: 3
2026-08-11 02:54:56.308: [INFO] Primary account changed.
2026-08-11 02:54:56.308: [INFO] OnPrimaryAccountChanged PrimaryAccountChangeEvent::Type::kSet
2026-08-11 02:54:56.311: [INFO] RecordSyncInitDuration has_sync_been_enabled: 0 state: 3
2026-08-11 02:54:56.325: [INFO] RecordSyncInitDuration has_sync_been_enabled: 0 state: 3
2026-08-11 02:54:58.355: [INFO] Sync initialization duration: 1996ms
