{"logTime": "0811/025456", "correlationVector":"gr6eJkGOwqCXDBku+iw1KA.1","action":"SyncServerConnectionManagerRequest", "result":"SYNC_SERVER_OK", "context":{"environment":"Prod_brazilsouth_prod-s01-001-sam-brazilsouth", "migrationStage":"NotStarted", "server":"akswtt00700000w"}}
{"logTime": "0811/025456", "correlationVector":"gr6eJkGOwqCXDBku+iw1KA.2","action":"ProcessGetUpdates", "result":"Done", "context":{"dataType":"Encryption Keys", "deleted":"0", "process_failed_to_decrypt":"0", "process_pending_decryption":"0", "process_success":"1", "total":"1"}}
{"logTime": "0811/025457", "correlationVector":"rWM3XZrxDG/0k6aDxSqtss","action":"SyncServerConnectionManagerRequest", "result":"SYNC_SERVER_OK", "context":{"environment":"", "migrationStage":"", "server":""}}
{"logTime": "0811/025457", "correlationVector":"rWM3XZrxDG/0k6aDxSqtss.0","action":"EncryptionKeysFetcher.DownloadKeys:", "result":"Success", "context":Key count: 1, Last key timestamp: 2026-04-13T04:50:02Z}
{"logTime": "0811/025457", "correlationVector":"rWM3XZrxDG/0k6aDxSqtss.1","action":"EncryptionKeysManager::SetEncryptionKeys:", "result":"Success", "context":Key names[1]:[At6VViEymywl0HWW/KvelZp9nJJObU2tEzSMa6e20N5/opJpKkU31G/5TORfOINMUVtcoYfRGejhUDD1BmsmMw==]}
{"logTime": "0811/025457", "correlationVector":"rWM3XZrxDG/0k6aDxSqtss.2","action":"EncryptionKeysManager::SetEncryptionKeysWithTimestamps:", "result":"Success", "context":Key timestamps[1]:[2026-04-13T04:50:02Z]}
{"logTime": "0811/025457", "correlationVector":"gr6eJkGOwqCXDBku+iw1KA","action":"Initial GetUpdates", "result":"", "context":Reason: NEW_CLIENT. cV=gr6eJkGOwqCXDBku+iw1KA}
{"logTime": "0811/025457", "correlationVector":"gr6eJkGOwqCXDBku+iw1KA.3","action":"GetUpdates Response", "result":"Success", "context":Received 1 update(s). cV=gr6eJkGOwqCXDBku+iw1KA.0;server=akswtt00700000w;cloudType=Consumer;environment=Prod_brazilsouth_prod-s01-001-sam-brazilsouth;migrationStage=NotStarted}
{"logTime": "0811/025457", "correlationVector":"k0qF0Y/BoLm8OH5kxdsPoz","action":"Initial GetUpdates", "result":"", "context":Reason: NEWLY_SUPPORTED_DATATYPE. cV=k0qF0Y/BoLm8OH5kxdsPoz}
{"logTime": "0811/025457", "correlationVector":"k0qF0Y/BoLm8OH5kxdsPoz.1","action":"SyncServerConnectionManagerRequest", "result":"SYNC_SERVER_OK", "context":{"environment":"Prod_brazilsouth_prod-s01-001-sam-brazilsouth", "migrationStage":"NotStarted", "server":"akswtt00700000u"}}
{"logTime": "0811/025457", "correlationVector":"k0qF0Y/BoLm8OH5kxdsPoz.2","action":"ProcessGetUpdates", "result":"Done", "context":{"dataType":"Device Info", "deleted":"0", "process_failed_to_decrypt":"0", "process_pending_decryption":"0", "process_success":"3", "total":"3"}}
{"logTime": "0811/025457", "correlationVector":"k0qF0Y/BoLm8OH5kxdsPoz.3","action":"GetUpdates Response", "result":"Success", "context":Received 3 update(s). cV=k0qF0Y/BoLm8OH5kxdsPoz.0;server=akswtt00700000u;cloudType=Consumer;environment=Prod_brazilsouth_prod-s01-001-sam-brazilsouth;migrationStage=NotStarted}
{"logTime": "0811/025457", "correlationVector":"hiLlVcZOEa7SiTSN12/Xbf","action":"Initial GetUpdates", "result":"", "context":Reason: NEWLY_SUPPORTED_DATATYPE. cV=hiLlVcZOEa7SiTSN12/Xbf}
{"logTime": "0811/025457", "correlationVector":"hiLlVcZOEa7SiTSN12/Xbf.1","action":"SyncServerConnectionManagerRequest", "result":"SYNC_SERVER_OK", "context":{"environment":"Prod_brazilsouth_prod-s01-001-sam-brazilsouth", "migrationStage":"NotStarted", "server":"akswtt00700000t"}}
{"logTime": "0811/025457", "correlationVector":"hiLlVcZOEa7SiTSN12/Xbf.2","action":"ProcessGetUpdates", "result":"Done", "context":{"dataType":"Bookmarks", "deleted":"0", "process_failed_to_decrypt":"0", "process_pending_decryption":"0", "process_success":"6", "total":"6"}}
{"logTime": "0811/025457", "correlationVector":"hiLlVcZOEa7SiTSN12/Xbf.3","action":"ProcessGetUpdates", "result":"Done", "context":{"dataType":"Preferences", "deleted":"0", "process_failed_to_decrypt":"0", "process_pending_decryption":"0", "process_success":"21", "total":"21"}}
{"logTime": "0811/025457", "correlationVector":"hiLlVcZOEa7SiTSN12/Xbf.4","action":"ProcessGetUpdates", "result":"Done", "context":{"dataType":"Autofill", "deleted":"0", "process_failed_to_decrypt":"0", "process_pending_decryption":"0", "process_success":"1", "total":"1"}}
{"logTime": "0811/025457", "correlationVector":"hiLlVcZOEa7SiTSN12/Xbf.5","action":"ProcessGetUpdates", "result":"Done", "context":{"dataType":"Sessions", "deleted":"0", "process_failed_to_decrypt":"0", "process_pending_decryption":"0", "process_success":"4", "total":"4"}}
{"logTime": "0811/025457", "correlationVector":"hiLlVcZOEa7SiTSN12/Xbf.6","action":"ProcessGetUpdates", "result":"Done", "context":{"dataType":"Edge Hub App Usage", "deleted":"0", "process_failed_to_decrypt":"0", "process_pending_decryption":"0", "process_success":"1", "total":"1"}}
{"logTime": "0811/025457", "correlationVector":"hiLlVcZOEa7SiTSN12/Xbf.7","action":"GetUpdates Response", "result":"Success", "context":Received 33 update(s). cV=hiLlVcZOEa7SiTSN12/Xbf.0;server=akswtt00700000t;cloudType=Consumer;environment=Prod_brazilsouth_prod-s01-001-sam-brazilsouth;migrationStage=NotStarted}
{"logTime": "0811/025457", "correlationVector":"xZquqMC+G3Oci2oVIqCdHn","action":"Initial GetUpdates", "result":"", "context":Reason: NEWLY_SUPPORTED_DATATYPE. cV=xZquqMC+G3Oci2oVIqCdHn}
{"logTime": "0811/025458", "correlationVector":"xZquqMC+G3Oci2oVIqCdHn.1","action":"SyncServerConnectionManagerRequest", "result":"SYNC_SERVER_OK", "context":{"environment":"Prod_brazilsouth_prod-s01-034-sam-brazilsouth", "migrationStage":"NotStarted", "server":"akswtt103000004"}}
{"logTime": "0811/025458", "correlationVector":"xZquqMC+G3Oci2oVIqCdHn.2","action":"GetUpdates Response", "result":"Success", "context":Received 0 update(s). cV=xZquqMC+G3Oci2oVIqCdHn.0;server=akswtt103000004;cloudType=Consumer;environment=Prod_brazilsouth_prod-s01-034-sam-brazilsouth;migrationStage=NotStarted}
{"logTime": "0811/025458", "correlationVector":"DrrkEQR6owVutkKZW4Bi7+","action":"Normal GetUpdate request", "result":"", "context":cV=DrrkEQR6owVutkKZW4Bi7+
Nudged types: Sessions, Device Info, User Consents
Refresh requested types: Bookmarks, Preferences, Passwords, Autofill Profiles, Autofill, Extensions, Sessions, Extension settings, History Delete Directives, Device Info, User Consents, Send Tab To Self, Web Apps, History, Saved Tab Group, WebAuthn Credentials, Edge E Drop, Edge Hub App Usage, Edge Workspace, Encryption Keys}
{"logTime": "0811/025458", "correlationVector":"DrrkEQR6owVutkKZW4Bi7+.1","action":"SyncServerConnectionManagerRequest", "result":"SYNC_SERVER_OK", "context":{"environment":"Prod_brazilsouth_prod-s01-034-sam-brazilsouth", "migrationStage":"NotStarted", "server":"akswtt103000013"}}
{"logTime": "0811/025458", "correlationVector":"DrrkEQR6owVutkKZW4Bi7+.2","action":"GetUpdates Response", "result":"Success", "context":Received 0 update(s). cV=DrrkEQR6owVutkKZW4Bi7+.0;server=akswtt103000013;cloudType=Consumer;environment=Prod_brazilsouth_prod-s01-034-sam-brazilsouth;migrationStage=NotStarted}
{"logTime": "0811/025458", "correlationVector":"Q/Ic3xi/3vGeC+5Pq8mhsm","action":"DoCompareDataConsistency requsted types: ", "result":"Bookmarks, Preferences, Passwords, Extensions, Extension settings, History Delete Directives, Send Tab To Self, Web Apps, History, Saved Tab Group, WebAuthn Credentials, Edge E Drop, Edge Workspace, Encryption Keys"}
{"logTime": "0811/025458", "correlationVector":"Q/Ic3xi/3vGeC+5Pq8mhsm.0","action":"CompareDataConsistency result: ", "result":"Compare result: Encryption Keys is consistent. local entities count is: 1 local entities hash is: KKHpn2ywAXiZpu2ycTjyMoIqSbE="}
{"logTime": "0811/025458", "correlationVector":"Q/Ic3xi/3vGeC+5Pq8mhsm.1","action":"CompareDataConsistency result: ", "result":"Compare result: Bookmarks is consistent. local entities count is: 0 local entities hash is: "}
{"logTime": "0811/025458", "correlationVector":"Q/Ic3xi/3vGeC+5Pq8mhsm.2","action":"CompareDataConsistency result: ", "result":"Compare result: Preferences is consistent. local entities count is: 21 local entities hash is: k+kqfDH3dHgKrRW59ZZBFrrSJyQ="}
{"logTime": "0811/025458", "correlationVector":"Q/Ic3xi/3vGeC+5Pq8mhsm.3","action":"CompareDataConsistency result: ", "result":"Compare result: Extensions is consistent. local entities count is: 0 local entities hash is: "}
{"logTime": "0811/025458", "correlationVector":"Q/Ic3xi/3vGeC+5Pq8mhsm.4","action":"CompareDataConsistency result: ", "result":"Compare result: Extension settings is consistent. local entities count is: 0 local entities hash is: "}
{"logTime": "0811/025458", "correlationVector":"Q/Ic3xi/3vGeC+5Pq8mhsm.5","action":"CompareDataConsistency result: ", "result":"Compare result: History Delete Directives is consistent. local entities count is: 0 local entities hash is: "}
{"logTime": "0811/025458", "correlationVector":"Q/Ic3xi/3vGeC+5Pq8mhsm.6","action":"CompareDataConsistency result: ", "result":"Server did not send this Send Tab To Self local entities count is: 0 local entities hash is: "}
{"logTime": "0811/025458", "correlationVector":"Q/Ic3xi/3vGeC+5Pq8mhsm.7","action":"CompareDataConsistency result: ", "result":"Compare result: Web Apps is consistent. local entities count is: 0 local entities hash is: "}
{"logTime": "0811/025458", "correlationVector":"Q/Ic3xi/3vGeC+5Pq8mhsm.8","action":"CompareDataConsistency result: ", "result":"Server did not send this History local entities count is: 0 local entities hash is: "}
{"logTime": "0811/025458", "correlationVector":"Q/Ic3xi/3vGeC+5Pq8mhsm.9","action":"CompareDataConsistency result: ", "result":"Compare result: Saved Tab Group is consistent. local entities count is: 0 local entities hash is: "}
{"logTime": "0811/025458", "correlationVector":"Q/Ic3xi/3vGeC+5Pq8mhsm.10","action":"CompareDataConsistency result: ", "result":"Server did not send this WebAuthn Credentials local entities count is: 0 local entities hash is: "}
{"logTime": "0811/025458", "correlationVector":"Q/Ic3xi/3vGeC+5Pq8mhsm.11","action":"CompareDataConsistency result: ", "result":"Compare result: Edge E Drop is consistent. local entities count is: 0 local entities hash is: "}
{"logTime": "0811/025458", "correlationVector":"Q/Ic3xi/3vGeC+5Pq8mhsm.12","action":"CompareDataConsistency result: ", "result":"Server did not send this Edge Workspace local entities count is: 0 local entities hash is: "}
{"logTime": "0811/025458", "correlationVector":"Q/Ic3xi/3vGeC+5Pq8mhsm.13","action":"CompareDataConsistency result: ", "result":"Compare result: Passwords is consistent. local entities count is: 0 local entities hash is: "}
{"logTime": "0811/025458", "correlationVector":"R4XMUK/81oAUJpBXgJlWS1","action":"Commit Request", "result":"", "context":Item count: 4
Contributing types: Sessions, Device Info, User Consents}
{"logTime": "0811/025500", "correlationVector":"R4XMUK/81oAUJpBXgJlWS1.1","action":"SyncServerConnectionManagerRequest", "result":"SYNC_SERVER_OK", "context":{"environment":"Prod_brazilsouth_prod-s01-034-sam-brazilsouth", "migrationStage":"NotStarted", "server":"akswtt103000004"}}
{"logTime": "0811/025500", "correlationVector":"R4XMUK/81oAUJpBXgJlWS1.2","action":"Commit Response", "result":"Success", "context":Result: Success. cV=R4XMUK/81oAUJpBXgJlWS1.0;server=akswtt103000004;cloudType=Consumer;environment=Prod_brazilsouth_prod-s01-034-sam-brazilsouth;migrationStage=NotStarted}
{"logTime": "0811/025500", "correlationVector":"","action":"DIAGNOSTIC_REQUEST|v1/diagnosticData/Diagnostic.SendCheckResult()|SUCCESS", "result":""}
{"logTime": "0811/025649", "correlationVector":"hr8P599dQCFypgoWyS44BT","action":"Commit Request", "result":"", "context":Item count: 5
Contributing types: Sessions, History}
{"logTime": "0811/025651", "correlationVector":"hr8P599dQCFypgoWyS44BT.1","action":"SyncServerConnectionManagerRequest", "result":"SYNC_SERVER_OK", "context":{"environment":"Prod_brazilsouth_prod-s01-034-sam-brazilsouth", "migrationStage":"NotStarted", "server":"akswtt10300000h"}}
{"logTime": "0811/025651", "correlationVector":"hr8P599dQCFypgoWyS44BT.2","action":"Commit Response", "result":"Success", "context":Result: Success. cV=hr8P599dQCFypgoWyS44BT.0;server=akswtt10300000h;cloudType=Consumer;environment=Prod_brazilsouth_prod-s01-034-sam-brazilsouth;migrationStage=NotStarted}
