{"logTime": "0811/025329", "correlationVector":"ynHgMlHiB1C6yT7DXe7d6K.1","action":"SyncServerConnectionManagerRequest", "result":"SYNC_SERVER_OK", "context":{"environment":"Prod_brazilsouth_prod-s01-034-sam-brazilsouth", "migrationStage":"NotStarted", "server":"akswtt10300000d"}}
{"logTime": "0811/025329", "correlationVector":"ynHgMlHiB1C6yT7DXe7d6K.2","action":"ProcessGetUpdates", "result":"Done", "context":{"dataType":"Encryption Keys", "deleted":"0", "process_failed_to_decrypt":"0", "process_pending_decryption":"0", "process_success":"1", "total":"1"}}
{"logTime": "0811/025330", "correlationVector":"1MYfbv+BiyM5cysr5BJ91s","action":"SyncServerConnectionManagerRequest", "result":"SYNC_SERVER_OK", "context":{"environment":"", "migrationStage":"", "server":""}}
{"logTime": "0811/025330", "correlationVector":"1MYfbv+BiyM5cysr5BJ91s.0","action":"EncryptionKeysFetcher.DownloadKeys:", "result":"Success", "context":Key count: 1, Last key timestamp: 2026-04-13T04:50:02Z}
{"logTime": "0811/025330", "correlationVector":"1MYfbv+BiyM5cysr5BJ91s.1","action":"EncryptionKeysManager::SetEncryptionKeys:", "result":"Success", "context":Key names[1]:[At6VViEymywl0HWW/KvelZp9nJJObU2tEzSMa6e20N5/opJpKkU31G/5TORfOINMUVtcoYfRGejhUDD1BmsmMw==]}
{"logTime": "0811/025330", "correlationVector":"1MYfbv+BiyM5cysr5BJ91s.2","action":"EncryptionKeysManager::SetEncryptionKeysWithTimestamps:", "result":"Success", "context":Key timestamps[1]:[2026-04-13T04:50:02Z]}
{"logTime": "0811/025330", "correlationVector":"ynHgMlHiB1C6yT7DXe7d6K","action":"Initial GetUpdates", "result":"", "context":Reason: NEW_CLIENT. cV=ynHgMlHiB1C6yT7DXe7d6K}
{"logTime": "0811/025330", "correlationVector":"ynHgMlHiB1C6yT7DXe7d6K.3","action":"GetUpdates Response", "result":"Success", "context":Received 1 update(s). cV=ynHgMlHiB1C6yT7DXe7d6K.0;server=akswtt10300000d;cloudType=Consumer;environment=Prod_brazilsouth_prod-s01-034-sam-brazilsouth;migrationStage=NotStarted}
{"logTime": "0811/025330", "correlationVector":"pU36JHXT7e6hw5p91ASicm","action":"Initial GetUpdates", "result":"", "context":Reason: NEWLY_SUPPORTED_DATATYPE. cV=pU36JHXT7e6hw5p91ASicm}
{"logTime": "0811/025330", "correlationVector":"pU36JHXT7e6hw5p91ASicm.1","action":"SyncServerConnectionManagerRequest", "result":"SYNC_SERVER_OK", "context":{"environment":"Prod_brazilsouth_prod-s01-034-sam-brazilsouth", "migrationStage":"NotStarted", "server":"akswtt10300000b"}}
{"logTime": "0811/025330", "correlationVector":"pU36JHXT7e6hw5p91ASicm.2","action":"ProcessGetUpdates", "result":"Done", "context":{"dataType":"Device Info", "deleted":"0", "process_failed_to_decrypt":"0", "process_pending_decryption":"0", "process_success":"2", "total":"2"}}
{"logTime": "0811/025330", "correlationVector":"pU36JHXT7e6hw5p91ASicm.3","action":"GetUpdates Response", "result":"Success", "context":Received 2 update(s). cV=pU36JHXT7e6hw5p91ASicm.0;server=akswtt10300000b;cloudType=Consumer;environment=Prod_brazilsouth_prod-s01-034-sam-brazilsouth;migrationStage=NotStarted}
{"logTime": "0811/025330", "correlationVector":"CMzINckNFFy1MmAEKkmGOB","action":"Initial GetUpdates", "result":"", "context":Reason: NEWLY_SUPPORTED_DATATYPE. cV=CMzINckNFFy1MmAEKkmGOB}
{"logTime": "0811/025330", "correlationVector":"CMzINckNFFy1MmAEKkmGOB.1","action":"SyncServerConnectionManagerRequest", "result":"SYNC_SERVER_OK", "context":{"environment":"Prod_brazilsouth_prod-s01-034-sam-brazilsouth", "migrationStage":"NotStarted", "server":"akswtt103000000"}}
{"logTime": "0811/025330", "correlationVector":"CMzINckNFFy1MmAEKkmGOB.2","action":"ProcessGetUpdates", "result":"Done", "context":{"dataType":"Bookmarks", "deleted":"0", "process_failed_to_decrypt":"0", "process_pending_decryption":"0", "process_success":"6", "total":"6"}}
{"logTime": "0811/025330", "correlationVector":"CMzINckNFFy1MmAEKkmGOB.3","action":"ProcessGetUpdates", "result":"Done", "context":{"dataType":"Preferences", "deleted":"0", "process_failed_to_decrypt":"0", "process_pending_decryption":"0", "process_success":"21", "total":"21"}}
{"logTime": "0811/025330", "correlationVector":"CMzINckNFFy1MmAEKkmGOB.4","action":"ProcessGetUpdates", "result":"Done", "context":{"dataType":"Autofill", "deleted":"0", "process_failed_to_decrypt":"0", "process_pending_decryption":"0", "process_success":"1", "total":"1"}}
{"logTime": "0811/025330", "correlationVector":"CMzINckNFFy1MmAEKkmGOB.5","action":"ProcessGetUpdates", "result":"Done", "context":{"dataType":"Sessions", "deleted":"0", "process_failed_to_decrypt":"0", "process_pending_decryption":"0", "process_success":"2", "total":"2"}}
{"logTime": "0811/025330", "correlationVector":"CMzINckNFFy1MmAEKkmGOB.6","action":"ProcessGetUpdates", "result":"Done", "context":{"dataType":"Edge Hub App Usage", "deleted":"0", "process_failed_to_decrypt":"0", "process_pending_decryption":"0", "process_success":"1", "total":"1"}}
{"logTime": "0811/025330", "correlationVector":"CMzINckNFFy1MmAEKkmGOB.7","action":"GetUpdates Response", "result":"Success", "context":Received 31 update(s). cV=CMzINckNFFy1MmAEKkmGOB.0;server=akswtt103000000;cloudType=Consumer;environment=Prod_brazilsouth_prod-s01-034-sam-brazilsouth;migrationStage=NotStarted}
{"logTime": "0811/025330", "correlationVector":"dK8nrMcgqyoNLgIR384kDM","action":"Initial GetUpdates", "result":"", "context":Reason: NEWLY_SUPPORTED_DATATYPE. cV=dK8nrMcgqyoNLgIR384kDM}
{"logTime": "0811/025331", "correlationVector":"dK8nrMcgqyoNLgIR384kDM.1","action":"SyncServerConnectionManagerRequest", "result":"SYNC_SERVER_OK", "context":{"environment":"Prod_brazilsouth_prod-s01-001-sam-brazilsouth", "migrationStage":"NotStarted", "server":"akswtt00700000y"}}
{"logTime": "0811/025331", "correlationVector":"dK8nrMcgqyoNLgIR384kDM.2","action":"GetUpdates Response", "result":"Success", "context":Received 0 update(s). cV=dK8nrMcgqyoNLgIR384kDM.0;server=akswtt00700000y;cloudType=Consumer;environment=Prod_brazilsouth_prod-s01-001-sam-brazilsouth;migrationStage=NotStarted}
{"logTime": "0811/025331", "correlationVector":"OZRJJW2KMErEjtf1VETuZ8","action":"Normal GetUpdate request", "result":"", "context":cV=OZRJJW2KMErEjtf1VETuZ8
Nudged types: Sessions, Device Info, User Consents
Refresh requested types: Bookmarks, Preferences, Passwords, Autofill Profiles, Autofill, Extensions, Sessions, Extension settings, History Delete Directives, Device Info, User Consents, Send Tab To Self, Web Apps, History, Saved Tab Group, WebAuthn Credentials, Edge E Drop, Edge Hub App Usage, Edge Workspace, Encryption Keys}
{"logTime": "0811/025332", "correlationVector":"OZRJJW2KMErEjtf1VETuZ8.1","action":"SyncServerConnectionManagerRequest", "result":"SYNC_SERVER_OK", "context":{"environment":"Prod_brazilsouth_prod-s01-001-sam-brazilsouth", "migrationStage":"NotStarted", "server":"akswtt00700000y"}}
{"logTime": "0811/025332", "correlationVector":"OZRJJW2KMErEjtf1VETuZ8.2","action":"GetUpdates Response", "result":"Success", "context":Received 0 update(s). cV=OZRJJW2KMErEjtf1VETuZ8.0;server=akswtt00700000y;cloudType=Consumer;environment=Prod_brazilsouth_prod-s01-001-sam-brazilsouth;migrationStage=NotStarted}
{"logTime": "0811/025332", "correlationVector":"tKXR6LjWzZIE01a8FNoX/g","action":"DoCompareDataConsistency requsted types: ", "result":"Bookmarks, Preferences, Passwords, Extensions, Extension settings, History Delete Directives, Send Tab To Self, Web Apps, History, Saved Tab Group, WebAuthn Credentials, Edge E Drop, Edge Workspace, Encryption Keys"}
{"logTime": "0811/025332", "correlationVector":"tKXR6LjWzZIE01a8FNoX/g.0","action":"CompareDataConsistency result: ", "result":"Compare result: Encryption Keys is consistent. local entities count is: 1 local entities hash is: KKHpn2ywAXiZpu2ycTjyMoIqSbE="}
{"logTime": "0811/025332", "correlationVector":"tKXR6LjWzZIE01a8FNoX/g.1","action":"CompareDataConsistency result: ", "result":"Compare result: Bookmarks is consistent. local entities count is: 0 local entities hash is: "}
{"logTime": "0811/025332", "correlationVector":"tKXR6LjWzZIE01a8FNoX/g.2","action":"CompareDataConsistency result: ", "result":"Compare result: Preferences is consistent. local entities count is: 21 local entities hash is: k+kqfDH3dHgKrRW59ZZBFrrSJyQ="}
{"logTime": "0811/025332", "correlationVector":"tKXR6LjWzZIE01a8FNoX/g.3","action":"CompareDataConsistency result: ", "result":"Compare result: Extensions is consistent. local entities count is: 0 local entities hash is: "}
{"logTime": "0811/025332", "correlationVector":"tKXR6LjWzZIE01a8FNoX/g.4","action":"CompareDataConsistency result: ", "result":"Compare result: Extension settings is consistent. local entities count is: 0 local entities hash is: "}
{"logTime": "0811/025332", "correlationVector":"tKXR6LjWzZIE01a8FNoX/g.5","action":"CompareDataConsistency result: ", "result":"Compare result: History Delete Directives is consistent. local entities count is: 0 local entities hash is: "}
{"logTime": "0811/025332", "correlationVector":"tKXR6LjWzZIE01a8FNoX/g.6","action":"CompareDataConsistency result: ", "result":"Server did not send this Send Tab To Self local entities count is: 0 local entities hash is: "}
{"logTime": "0811/025332", "correlationVector":"tKXR6LjWzZIE01a8FNoX/g.7","action":"CompareDataConsistency result: ", "result":"Compare result: Web Apps is consistent. local entities count is: 0 local entities hash is: "}
{"logTime": "0811/025332", "correlationVector":"tKXR6LjWzZIE01a8FNoX/g.8","action":"CompareDataConsistency result: ", "result":"Server did not send this History local entities count is: 0 local entities hash is: "}
{"logTime": "0811/025332", "correlationVector":"tKXR6LjWzZIE01a8FNoX/g.9","action":"CompareDataConsistency result: ", "result":"Compare result: Saved Tab Group is consistent. local entities count is: 0 local entities hash is: "}
{"logTime": "0811/025332", "correlationVector":"tKXR6LjWzZIE01a8FNoX/g.10","action":"CompareDataConsistency result: ", "result":"Server did not send this WebAuthn Credentials local entities count is: 0 local entities hash is: "}
{"logTime": "0811/025332", "correlationVector":"tKXR6LjWzZIE01a8FNoX/g.11","action":"CompareDataConsistency result: ", "result":"Compare result: Edge E Drop is consistent. local entities count is: 0 local entities hash is: "}
{"logTime": "0811/025332", "correlationVector":"tKXR6LjWzZIE01a8FNoX/g.12","action":"CompareDataConsistency result: ", "result":"Server did not send this Edge Workspace local entities count is: 0 local entities hash is: "}
{"logTime": "0811/025332", "correlationVector":"tKXR6LjWzZIE01a8FNoX/g.13","action":"CompareDataConsistency result: ", "result":"Compare result: Passwords is consistent. local entities count is: 0 local entities hash is: "}
{"logTime": "0811/025332", "correlationVector":"8GNO3i25I8Lb3YpMFwXDx0","action":"Commit Request", "result":"", "context":Item count: 4
Contributing types: Sessions, Device Info, User Consents}
{"logTime": "0811/025333", "correlationVector":"8GNO3i25I8Lb3YpMFwXDx0.1","action":"SyncServerConnectionManagerRequest", "result":"SYNC_SERVER_OK", "context":{"environment":"Prod_brazilsouth_prod-s01-001-sam-brazilsouth", "migrationStage":"NotStarted", "server":"akswtt00700000y"}}
{"logTime": "0811/025333", "correlationVector":"8GNO3i25I8Lb3YpMFwXDx0.2","action":"Commit Response", "result":"Success", "context":Result: Success. cV=8GNO3i25I8Lb3YpMFwXDx0.0;server=akswtt00700000y;cloudType=Consumer;environment=Prod_brazilsouth_prod-s01-001-sam-brazilsouth;migrationStage=NotStarted}
{"logTime": "0811/025333", "correlationVector":"","action":"DIAGNOSTIC_REQUEST|v1/diagnosticData/Diagnostic.SendCheckResult()|SUCCESS", "result":""}
{"logTime": "0811/025500", "correlationVector":"Ut7xa5l8FIZ3SDt1iD+zyp","action":"Normal GetUpdate request", "result":"", "context":cV=Ut7xa5l8FIZ3SDt1iD+zyp
Notified types: Device Info}
{"logTime": "0811/025500", "correlationVector":"Ut7xa5l8FIZ3SDt1iD+zyp.1","action":"SyncServerConnectionManagerRequest", "result":"SYNC_SERVER_OK", "context":{"environment":"Prod_brazilsouth_prod-s01-001-sam-brazilsouth", "migrationStage":"NotStarted", "server":"akswtt007000027"}}
{"logTime": "0811/025500", "correlationVector":"Ut7xa5l8FIZ3SDt1iD+zyp.2","action":"ProcessGetUpdates", "result":"Done", "context":{"dataType":"Sessions", "deleted":"0", "process_failed_to_decrypt":"0", "process_pending_decryption":"0", "process_success":"4", "total":"4"}}
{"logTime": "0811/025500", "correlationVector":"Ut7xa5l8FIZ3SDt1iD+zyp.3","action":"ProcessGetUpdates", "result":"Done", "context":{"dataType":"Device Info", "deleted":"0", "process_failed_to_decrypt":"0", "process_pending_decryption":"0", "process_success":"2", "total":"2"}}
{"logTime": "0811/025500", "correlationVector":"Ut7xa5l8FIZ3SDt1iD+zyp.4","action":"GetUpdates Response", "result":"Success", "context":Received 6 update(s). cV=Ut7xa5l8FIZ3SDt1iD+zyp.0;server=akswtt007000027;cloudType=Consumer;environment=Prod_brazilsouth_prod-s01-001-sam-brazilsouth;migrationStage=NotStarted}
{"logTime": "0811/025652", "correlationVector":"8OZHvregg4JNt3/DJk30W4","action":"Normal GetUpdate request", "result":"", "context":cV=8OZHvregg4JNt3/DJk30W4
Notified types: History}
{"logTime": "0811/025652", "correlationVector":"8OZHvregg4JNt3/DJk30W4.1","action":"SyncServerConnectionManagerRequest", "result":"SYNC_SERVER_OK", "context":{"environment":"Prod_brazilsouth_prod-s01-001-sam-brazilsouth", "migrationStage":"NotStarted", "server":"akswtt00700000u"}}
{"logTime": "0811/025652", "correlationVector":"8OZHvregg4JNt3/DJk30W4.2","action":"ProcessGetUpdates", "result":"Done", "context":{"dataType":"Sessions", "deleted":"0", "process_failed_to_decrypt":"0", "process_pending_decryption":"0", "process_success":"1", "total":"1"}}
{"logTime": "0811/025652", "correlationVector":"8OZHvregg4JNt3/DJk30W4.3","action":"ProcessGetUpdates", "result":"Done", "context":{"dataType":"History", "deleted":"0", "process_failed_to_decrypt":"0", "process_pending_decryption":"0", "process_success":"4", "total":"4"}}
{"logTime": "0811/025652", "correlationVector":"8OZHvregg4JNt3/DJk30W4.4","action":"GetUpdates Response", "result":"Success", "context":Received 5 update(s). cV=8OZHvregg4JNt3/DJk30W4.0;server=akswtt00700000u;cloudType=Consumer;environment=Prod_brazilsouth_prod-s01-001-sam-brazilsouth;migrationStage=NotStarted}
